
> alliance-independent-physicians@0.1.0 build
> next build

▲ Next.js 16.1.6 (Turbopack)
- Environments: .env.local

  Creating an optimized production build ...
Turbopack build encountered 11 warnings:
[next]/internal/font/google/14e23f9b59180572-s.woff2
Error while requesting resource
There was an issue establishing a connection while requesting https://fonts.gstatic.com/s/playfairdisplay/v40/nuFiD-vYSZviVYUb_rj3ij__anPXDTPYgEM86xRbPQ.woff2


[next]/internal/font/google/1bffadaabf893a1e-s.woff2
Error while requesting resource
There was an issue establishing a connection while requesting https://fonts.gstatic.com/s/inter/v20/UcC73FwrK3iLTeHuS_nVMrMxCp50SjIa25L7W0Q5n-wU.woff2


[next]/internal/font/google/2a65768255d6b625-s.p.woff2
Error while requesting resource
There was an issue establishing a connection while requesting https://fonts.gstatic.com/s/playfairdisplay/v40/nuFiD-vYSZviVYUb_rj3ij__anPXDTzYgEM86xQ.woff2


[next]/internal/font/google/2bbe8d2671613f1f-s.woff2
Error while requesting resource
There was an issue establishing a connection while requesting https://fonts.gstatic.com/s/inter/v20/UcC73FwrK3iLTeHuS_nVMrMxCp50SjIa2pL7W0Q5n-wU.woff2


[next]/internal/font/google/2c55a0e60120577a-s.woff2
Error while requesting resource
There was an issue establishing a connection while requesting https://fonts.gstatic.com/s/inter/v20/UcC73FwrK3iLTeHuS_nVMrMxCp50SjIa2JL7W0Q5n-wU.woff2


[next]/internal/font/google/5476f68d60460930-s.woff2
Error while requesting resource
There was an issue establishing a connection while requesting https://fonts.gstatic.com/s/inter/v20/UcC73FwrK3iLTeHuS_nVMrMxCp50SjIa1pL7W0Q5n-wU.woff2


[next]/internal/font/google/65c558afe41e89d6-s.woff2
Error while requesting resource
There was an issue establishing a connection while requesting https://fonts.gstatic.com/s/playfairdisplay/v40/nuFiD-vYSZviVYUb_rj3ij__anPXDTjYgEM86xRbPQ.woff2


[next]/internal/font/google/83afe278b6a6bb3c-s.p.woff2
Error while requesting resource
There was an issue establishing a connection while requesting https://fonts.gstatic.com/s/inter/v20/UcC73FwrK3iLTeHuS_nVMrMxCp50SjIa1ZL7W0Q5nw.woff2


[next]/internal/font/google/9c72aa0f40e4eef8-s.woff2
Error while requesting resource
There was an issue establishing a connection while requesting https://fonts.gstatic.com/s/inter/v20/UcC73FwrK3iLTeHuS_nVMrMxCp50SjIa0ZL7W0Q5n-wU.woff2


[next]/internal/font/google/ad66f9afd8947f86-s.woff2
Error while requesting resource
There was an issue establishing a connection while requesting https://fonts.gstatic.com/s/inter/v20/UcC73FwrK3iLTeHuS_nVMrMxCp50SjIa2ZL7W0Q5n-wU.woff2


[next]/internal/font/google/b49b0d9b851e4899-s.woff2
Error while requesting resource
There was an issue establishing a connection while requesting https://fonts.gstatic.com/s/playfairdisplay/v40/nuFiD-vYSZviVYUb_rj3ij__anPXDTLYgEM86xRbPQ.woff2



> Build error occurred
Error: Turbopack build failed with 23 errors:
[next]/internal/font/google/inter_5972bc34.module.css:8:9
Module not found: Can't resolve '@vercel/turbopack-next/internal/font/google/font'
[0m [90m  6 |[39m   font[33m-[39mdisplay[33m:[39m swap[33m;[39m
 [90m  7 |[39m   src[33m:[39m url([33m@[39mvercel[33m/[39mturbopack[33m-[39mnext[33m/[39minternal[33m/[39mfont[33m/[39mgoogle[35m/font?{%22url%22:%22https:/[39m[33m/[39mfonts[33m.[39mgstatic[33m.[39mcom[33m/[39ms[33m/[39minter[33m/[39mv20[33m/[39m[33mUcC73FwrK3iLTeHuS_nVMrMxCp50SjIa2JL7W0Q5n[39m[33m-[39mwU[33m.[39mwoff2[33m%[39m[35m22[39m[33m,[39m[33m%[39m[35m22[39mpreload[33m%[39m[35m22[39m[33m:[39m[36mfalse[39m[33m,[39m[33m%[39m[35m22[39mhas_size_adjust[33m%[39m[35m22[39m[33m:[39m[36mtrue[39m}) format([32m'woff2'[39m)[33m;[39m
[31m[1m>[22m[39m[90m  8 |[39m   unicode[33m-[39mrange[33m:[39m [33mU[39m[33m+[39m[35m0460[39m[33m-[39m[35m052[39m[33mF[39m[33m,[39m [33mU[39m[33m+[39m[35m1[39m[33mC80[39m[33m-[39m[35m1[39m[33mC8A[39m[33m,[39m [33mU[39m[33m+[39m[35m20[39m[33mB4[39m[33m,[39m [33mU[39m[33m+[39m[35m2[39m[33mDE0[39m[33m-[39m[35m2[39m[33mDFF[39m[33m,[39m [33mU[39m[33m+[39m[33mA640[39m[33m-[39m[33mA69F[39m[33m,[39m [33mU[39m[33m+[39m[33mFE2E[39m[33m-[39m[33mFE2F[39m[33m;[39m
 [90m    |[39m         [31m[1m^[22m[39m
 [90m  9 |[39m }
 [90m 10 |[39m [90m/* cyrillic */[39m
 [90m 11 |[39m [33m@[39mfont[33m-[39mface {[0m

Import map: Resolved by import map


Import trace:
  Server Component:
    [next]/internal/font/google/inter_5972bc34.module.css
    [next]/internal/font/google/inter_5972bc34.js
    ./src/app/layout.tsx

https://nextjs.org/docs/messages/module-not-found


[next]/internal/font/google/inter_5972bc34.module.css:17:9
Module not found: Can't resolve '@vercel/turbopack-next/internal/font/google/font'
[0m [90m 15 |[39m   font[33m-[39mdisplay[33m:[39m swap[33m;[39m
 [90m 16 |[39m   src[33m:[39m url([33m@[39mvercel[33m/[39mturbopack[33m-[39mnext[33m/[39minternal[33m/[39mfont[33m/[39mgoogle[35m/font?{%22url%22:%22https:/[39m[33m/[39mfonts[33m.[39mgstatic[33m.[39mcom[33m/[39ms[33m/[39minter[33m/[39mv20[33m/[39m[33mUcC73FwrK3iLTeHuS_nVMrMxCp50SjIa0ZL7W0Q5n[39m[33m-[39mwU[33m.[39mwoff2[33m%[39m[35m22[39m[33m,[39m[33m%[39m[35m22[39mpreload[33m%[39m[35m22[39m[33m:[39m[36mfalse[39m[33m,[39m[33m%[39m[35m22[39mhas_size_adjust[33m%[39m[35m22[39m[33m:[39m[36mtrue[39m}) format([32m'woff2'[39m)[33m;[39m
[31m[1m>[22m[39m[90m 17 |[39m   unicode[33m-[39mrange[33m:[39m [33mU[39m[33m+[39m[35m0301[39m[33m,[39m [33mU[39m[33m+[39m[35m0400[39m[33m-[39m[35m045[39m[33mF[39m[33m,[39m [33mU[39m[33m+[39m[35m0490[39m[33m-[39m[35m0491[39m[33m,[39m [33mU[39m[33m+[39m[35m04[39m[33mB0[39m[33m-[39m[35m04[39m[33mB1[39m[33m,[39m [33mU[39m[33m+[39m[35m2116[39m[33m;[39m
 [90m    |[39m         [31m[1m^[22m[39m
 [90m 18 |[39m }
 [90m 19 |[39m [90m/* greek-ext */[39m
 [90m 20 |[39m [33m@[39mfont[33m-[39mface {[0m

Import map: Resolved by import map


Import trace:
  Server Component:
    [next]/internal/font/google/inter_5972bc34.module.css
    [next]/internal/font/google/inter_5972bc34.js
    ./src/app/layout.tsx

https://nextjs.org/docs/messages/module-not-found


[next]/internal/font/google/inter_5972bc34.module.css:26:9
Module not found: Can't resolve '@vercel/turbopack-next/internal/font/google/font'
[0m [90m 24 |[39m   font[33m-[39mdisplay[33m:[39m swap[33m;[39m
 [90m 25 |[39m   src[33m:[39m url([33m@[39mvercel[33m/[39mturbopack[33m-[39mnext[33m/[39minternal[33m/[39mfont[33m/[39mgoogle[35m/font?{%22url%22:%22https:/[39m[33m/[39mfonts[33m.[39mgstatic[33m.[39mcom[33m/[39ms[33m/[39minter[33m/[39mv20[33m/[39m[33mUcC73FwrK3iLTeHuS_nVMrMxCp50SjIa2ZL7W0Q5n[39m[33m-[39mwU[33m.[39mwoff2[33m%[39m[35m22[39m[33m,[39m[33m%[39m[35m22[39mpreload[33m%[39m[35m22[39m[33m:[39m[36mfalse[39m[33m,[39m[33m%[39m[35m22[39mhas_size_adjust[33m%[39m[35m22[39m[33m:[39m[36mtrue[39m}) format([32m'woff2'[39m)[33m;[39m
[31m[1m>[22m[39m[90m 26 |[39m   unicode[33m-[39mrange[33m:[39m [33mU[39m[33m+[39m[35m1[39m[33mF00[39m[33m-[39m[35m1[39m[33mFFF[39m[33m;[39m
 [90m    |[39m         [31m[1m^[22m[39m
 [90m 27 |[39m }
 [90m 28 |[39m [90m/* greek */[39m
 [90m 29 |[39m [33m@[39mfont[33m-[39mface {[0m

Import map: Resolved by import map


Import trace:
  Server Component:
    [next]/internal/font/google/inter_5972bc34.module.css
    [next]/internal/font/google/inter_5972bc34.js
    ./src/app/layout.tsx

https://nextjs.org/docs/messages/module-not-found


[next]/internal/font/google/inter_5972bc34.module.css:35:9
Module not found: Can't resolve '@vercel/turbopack-next/internal/font/google/font'
[0m [90m 33 |[39m   font[33m-[39mdisplay[33m:[39m swap[33m;[39m
 [90m 34 |[39m   src[33m:[39m url([33m@[39mvercel[33m/[39mturbopack[33m-[39mnext[33m/[39minternal[33m/[39mfont[33m/[39mgoogle[35m/font?{%22url%22:%22https:/[39m[33m/[39mfonts[33m.[39mgstatic[33m.[39mcom[33m/[39ms[33m/[39minter[33m/[39mv20[33m/[39m[33mUcC73FwrK3iLTeHuS_nVMrMxCp50SjIa1pL7W0Q5n[39m[33m-[39mwU[33m.[39mwoff2[33m%[39m[35m22[39m[33m,[39m[33m%[39m[35m22[39mpreload[33m%[39m[35m22[39m[33m:[39m[36mfalse[39m[33m,[39m[33m%[39m[35m22[39mhas_size_adjust[33m%[39m[35m22[39m[33m:[39m[36mtrue[39m}) format([32m'woff2'[39m)[33m;[39m
[31m[1m>[22m[39m[90m 35 |[39m   unicode[33m-[39mrange[33m:[39m [33mU[39m[33m+[39m[35m0370[39m[33m-[39m[35m0377[39m[33m,[39m [33mU[39m[33m+[39m[35m037[39m[33mA[39m[33m-[39m[35m037[39m[33mF[39m[33m,[39m [33mU[39m[33m+[39m[35m0384[39m[33m-[39m[35m038[39m[33mA[39m[33m,[39m [33mU[39m[33m+[39m[35m038[39m[33mC[39m[33m,[39m [33mU[39m[33m+[39m[35m038E-03[39m[33mA1[39m[33m,[39m [33mU[39m[33m+[39m[35m03[39m[33mA3[39m[33m-[39m[35m03[39m[33mFF[39m[33m;[39m
 [90m    |[39m         [31m[1m^[22m[39m
 [90m 36 |[39m }
 [90m 37 |[39m [90m/* vietnamese */[39m
 [90m 38 |[39m [33m@[39mfont[33m-[39mface {[0m

Import map: Resolved by import map


Import trace:
  Server Component:
    [next]/internal/font/google/inter_5972bc34.module.css
    [next]/internal/font/google/inter_5972bc34.js
    ./src/app/layout.tsx

https://nextjs.org/docs/messages/module-not-found


[next]/internal/font/google/inter_5972bc34.module.css:44:9
Module not found: Can't resolve '@vercel/turbopack-next/internal/font/google/font'
[0m [90m 42 |[39m   font[33m-[39mdisplay[33m:[39m swap[33m;[39m
 [90m 43 |[39m   src[33m:[39m url([33m@[39mvercel[33m/[39mturbopack[33m-[39mnext[33m/[39minternal[33m/[39mfont[33m/[39mgoogle[35m/font?{%22url%22:%22https:/[39m[33m/[39mfonts[33m.[39mgstatic[33m.[39mcom[33m/[39ms[33m/[39minter[33m/[39mv20[33m/[39m[33mUcC73FwrK3iLTeHuS_nVMrMxCp50SjIa2pL7W0Q5n[39m[33m-[39mwU[33m.[39mwoff2[33m%[39m[35m22[39m[33m,[39m[33m%[39m[35m22[39mpreload[33m%[39m[35m22[39m[33m:[39m[36mfalse[39m[33m,[39m[33m%[39m[35m22[39mhas_size_adjust[33m%[39m[35m22[39m[33m:[39m[36mtrue[39m}) format([32m'woff2'[39m)[33m;[39m
[31m[1m>[22m[39m[90m 44 |[39m   unicode[33m-[39mrange[33m:[39m [33mU[39m[33m+[39m[35m0102[39m[33m-[39m[35m0103[39m[33m,[39m [33mU[39m[33m+[39m[35m0110[39m[33m-[39m[35m0111[39m[33m,[39m [33mU[39m[33m+[39m[35m0128[39m[33m-[39m[35m0129[39m[33m,[39m [33mU[39m[33m+[39m[35m0168[39m[33m-[39m[35m0169[39m[33m,[39m [33mU[39m[33m+[39m[35m01[39m[33mA0[39m[33m-[39m[35m01[39m[33mA1[39m[33m,[39m [33mU[39m[33m+[39m[35m01[39m[33mAF[39m[33m-[39m[35m01[39m[33mB0[39m[33m,[39m [33mU[39m[33m+[39m[35m0300[39m[33m-[39m[35m0301[39m[33m,[39m [33mU[39m[33m+[39m[35m0303[39m[33m-[39m[35m0304[39m[33m,[39m [33mU[39m[33m+[39m[35m0308[39m[33m-[39m[35m0309[39m[33m,[39m [33mU[39m[33m+[39m[35m0323[39m[33m,[39m [33mU[39m[33m+[39m[35m0329[39m[33m,[39m [33mU[39m[33m+[39m[35m1[39m[33mEA0[39m[33m-[39m[35m1[39m[33mEF9[39m[33m,[39m [33mU[39m[33m+[39m[35m20[39m[33mAB[39m[33m;[39m
 [90m    |[39m         [31m[1m^[22m[39m
 [90m 45 |[39m }
 [90m 46 |[39m [90m/* latin-ext */[39m
 [90m 47 |[39m [33m@[39mfont[33m-[39mface {[0m

Import map: Resolved by import map


Import trace:
  Server Component:
    [next]/internal/font/google/inter_5972bc34.module.css
    [next]/internal/font/google/inter_5972bc34.js
    ./src/app/layout.tsx

https://nextjs.org/docs/messages/module-not-found


[next]/internal/font/google/inter_5972bc34.module.css:53:9
Module not found: Can't resolve '@vercel/turbopack-next/internal/font/google/font'
[0m [90m 51 |[39m   font[33m-[39mdisplay[33m:[39m swap[33m;[39m
 [90m 52 |[39m   src[33m:[39m url([33m@[39mvercel[33m/[39mturbopack[33m-[39mnext[33m/[39minternal[33m/[39mfont[33m/[39mgoogle[35m/font?{%22url%22:%22https:/[39m[33m/[39mfonts[33m.[39mgstatic[33m.[39mcom[33m/[39ms[33m/[39minter[33m/[39mv20[33m/[39m[33mUcC73FwrK3iLTeHuS_nVMrMxCp50SjIa25L7W0Q5n[39m[33m-[39mwU[33m.[39mwoff2[33m%[39m[35m22[39m[33m,[39m[33m%[39m[35m22[39mpreload[33m%[39m[35m22[39m[33m:[39m[36mfalse[39m[33m,[39m[33m%[39m[35m22[39mhas_size_adjust[33m%[39m[35m22[39m[33m:[39m[36mtrue[39m}) format([32m'woff2'[39m)[33m;[39m
[31m[1m>[22m[39m[90m 53 |[39m   unicode[33m-[39mrange[33m:[39m [33mU[39m[33m+[39m[35m0100[39m[33m-[39m[35m02[39m[33mBA[39m[33m,[39m [33mU[39m[33m+[39m[35m02[39m[33mBD[39m[33m-[39m[35m02[39m[33mC5[39m[33m,[39m [33mU[39m[33m+[39m[35m02[39m[33mC7[39m[33m-[39m[35m02[39m[33mCC[39m[33m,[39m [33mU[39m[33m+[39m[35m02[39m[33mCE[39m[33m-[39m[35m02[39m[33mD7[39m[33m,[39m [33mU[39m[33m+[39m[35m02[39m[33mDD[39m[33m-[39m[35m02[39m[33mFF[39m[33m,[39m [33mU[39m[33m+[39m[35m0304[39m[33m,[39m [33mU[39m[33m+[39m[35m0308[39m[33m,[39m [33mU[39m[33m+[39m[35m0329[39m[33m,[39m [33mU[39m[33m+[39m[35m1[39m[33mD00[39m[33m-[39m[35m1[39m[33mDBF[39m[33m,[39m [33mU[39m[33m+[39m[35m1E00[39m[33m-[39m[35m1E9[39m[33mF[39m[33m,[39m [33mU[39m[33m+[39m[35m1[39m[33mEF2[39m[33m-[39m[35m1[39m[33mEFF[39m[33m,[39m [33mU[39m[33m+[39m[35m2020[39m[33m,[39m [33mU[39m[33m+[39m[35m20[39m[33mA0[39m[33m-[39m[35m20[39m[33mAB[39m[33m,[39m [33mU[39m[33m+[39m[35m20[39m[33mAD[39m[33m-[39m[35m20[39m[33mC0[39m[33m,[39m [33mU[39m[33m+[39m[35m2113[39m[33m,[39m [33mU[39m[33m+[39m[35m2[39m[33mC60[39m[33m-[39m[35m2[39m[33mC7F[39m[33m,[39m [33mU[39m[33m+[39m[33mA720[39m[33m-[39m[33mA7FF[39m[33m;[39m
 [90m    |[39m         [31m[1m^[22m[39m
 [90m 54 |[39m }
 [90m 55 |[39m [90m/* latin */[39m
 [90m 56 |[39m [33m@[39mfont[33m-[39mface {[0m

Import map: Resolved by import map


Import trace:
  Server Component:
    [next]/internal/font/google/inter_5972bc34.module.css
    [next]/internal/font/google/inter_5972bc34.js
    ./src/app/layout.tsx

https://nextjs.org/docs/messages/module-not-found


[next]/internal/font/google/inter_5972bc34.module.css:62:9
Module not found: Can't resolve '@vercel/turbopack-next/internal/font/google/font'
[0m [90m 60 |[39m   font[33m-[39mdisplay[33m:[39m swap[33m;[39m
 [90m 61 |[39m   src[33m:[39m url([33m@[39mvercel[33m/[39mturbopack[33m-[39mnext[33m/[39minternal[33m/[39mfont[33m/[39mgoogle[35m/font?{%22url%22:%22https:/[39m[33m/[39mfonts[33m.[39mgstatic[33m.[39mcom[33m/[39ms[33m/[39minter[33m/[39mv20[33m/[39m[33mUcC73FwrK3iLTeHuS_nVMrMxCp50SjIa1ZL7W0Q5nw[39m[33m.[39mwoff2[33m%[39m[35m22[39m[33m,[39m[33m%[39m[35m22[39mpreload[33m%[39m[35m22[39m[33m:[39m[36mtrue[39m[33m,[39m[33m%[39m[35m22[39mhas_size_adjust[33m%[39m[35m22[39m[33m:[39m[36mtrue[39m}) format([32m'woff2'[39m)[33m;[39m
[31m[1m>[22m[39m[90m 62 |[39m   unicode[33m-[39mrange[33m:[39m [33mU[39m[33m+[39m[35m0000[39m[33m-[39m[35m00[39m[33mFF[39m[33m,[39m [33mU[39m[33m+[39m[35m0131[39m[33m,[39m [33mU[39m[33m+[39m[35m0152[39m[33m-[39m[35m0153[39m[33m,[39m [33mU[39m[33m+[39m[35m02[39m[33mBB[39m[33m-[39m[35m02[39m[33mBC[39m[33m,[39m [33mU[39m[33m+[39m[35m02[39m[33mC6[39m[33m,[39m [33mU[39m[33m+[39m[35m02[39m[33mDA[39m[33m,[39m [33mU[39m[33m+[39m[35m02[39m[33mDC[39m[33m,[39m [33mU[39m[33m+[39m[35m0304[39m[33m,[39m [33mU[39m[33m+[39m[35m0308[39m[33m,[39m [33mU[39m[33m+[39m[35m0329[39m[33m,[39m [33mU[39m[33m+[39m[35m2000[39m[33m-[39m[35m206[39m[33mF[39m[33m,[39m [33mU[39m[33m+[39m[35m20[39m[33mAC[39m[33m,[39m [33mU[39m[33m+[39m[35m2122[39m[33m,[39m [33mU[39m[33m+[39m[35m2191[39m[33m,[39m [33mU[39m[33m+[39m[35m2193[39m[33m,[39m [33mU[39m[33m+[39m[35m2212[39m[33m,[39m [33mU[39m[33m+[39m[35m2215[39m[33m,[39m [33mU[39m[33m+[39m[33mFEFF[39m[33m,[39m [33mU[39m[33m+[39m[33mFFFD[39m[33m;[39m
 [90m    |[39m         [31m[1m^[22m[39m
 [90m 63 |[39m }
 [90m 64 |[39m [33m@[39mfont[33m-[39mface {
 [90m 65 |[39m     font[33m-[39mfamily[33m:[39m [32m'Inter Fallback'[39m[33m;[39m[0m

Import map: Resolved by import map


Import trace:
  Server Component:
    [next]/internal/font/google/inter_5972bc34.module.css
    [next]/internal/font/google/inter_5972bc34.js
    ./src/app/layout.tsx

https://nextjs.org/docs/messages/module-not-found


[next]/internal/font/google/playfair_display_7b588da2.module.css:8:9
Module not found: Can't resolve '@vercel/turbopack-next/internal/font/google/font'
[0m [90m  6 |[39m   font[33m-[39mdisplay[33m:[39m swap[33m;[39m
 [90m  7 |[39m   src[33m:[39m url([33m@[39mvercel[33m/[39mturbopack[33m-[39mnext[33m/[39minternal[33m/[39mfont[33m/[39mgoogle[35m/font?{%22url%22:%22https:/[39m[33m/[39mfonts[33m.[39mgstatic[33m.[39mcom[33m/[39ms[33m/[39mplayfairdisplay[33m/[39mv40[33m/[39mnuFiD[33m-[39mvYSZviVYUb_rj3ij__anPXDTjYgEM86xRbPQ[33m.[39mwoff2[33m%[39m[35m22[39m[33m,[39m[33m%[39m[35m22[39mpreload[33m%[39m[35m22[39m[33m:[39m[36mfalse[39m[33m,[39m[33m%[39m[35m22[39mhas_size_adjust[33m%[39m[35m22[39m[33m:[39m[36mtrue[39m}) format([32m'woff2'[39m)[33m;[39m
[31m[1m>[22m[39m[90m  8 |[39m   unicode[33m-[39mrange[33m:[39m [33mU[39m[33m+[39m[35m0301[39m[33m,[39m [33mU[39m[33m+[39m[35m0400[39m[33m-[39m[35m045[39m[33mF[39m[33m,[39m [33mU[39m[33m+[39m[35m0490[39m[33m-[39m[35m0491[39m[33m,[39m [33mU[39m[33m+[39m[35m04[39m[33mB0[39m[33m-[39m[35m04[39m[33mB1[39m[33m,[39m [33mU[39m[33m+[39m[35m2116[39m[33m;[39m
 [90m    |[39m         [31m[1m^[22m[39m
 [90m  9 |[39m }
 [90m 10 |[39m [90m/* vietnamese */[39m
 [90m 11 |[39m [33m@[39mfont[33m-[39mface {[0m

Import map: Resolved by import map


Import traces:
  Client Component Browser:
    [next]/internal/font/google/playfair_display_7b588da2.module.css [Client Component Browser]
    [next]/internal/font/google/playfair_display_7b588da2.js [Client Component Browser]
    ./src/components/newhome/MissionStatementDark.tsx [Client Component Browser]
    ./src/components/newhome/MissionStatementDark.tsx [Server Component]
    ./src/app/homedark/page.tsx [Server Component]

  Client Component SSR:
    [next]/internal/font/google/playfair_display_7b588da2.module.css [Client Component SSR]
    [next]/internal/font/google/playfair_display_7b588da2.js [Client Component SSR]
    ./src/components/newhome/MissionStatementDark.tsx [Client Component SSR]
    ./src/components/newhome/MissionStatementDark.tsx [Server Component]
    ./src/app/homedark/page.tsx [Server Component]

https://nextjs.org/docs/messages/module-not-found


[next]/internal/font/google/playfair_display_7b588da2.module.css:17:9
Module not found: Can't resolve '@vercel/turbopack-next/internal/font/google/font'
[0m [90m 15 |[39m   font[33m-[39mdisplay[33m:[39m swap[33m;[39m
 [90m 16 |[39m   src[33m:[39m url([33m@[39mvercel[33m/[39mturbopack[33m-[39mnext[33m/[39minternal[33m/[39mfont[33m/[39mgoogle[35m/font?{%22url%22:%22https:/[39m[33m/[39mfonts[33m.[39mgstatic[33m.[39mcom[33m/[39ms[33m/[39mplayfairdisplay[33m/[39mv40[33m/[39mnuFiD[33m-[39mvYSZviVYUb_rj3ij__anPXDTPYgEM86xRbPQ[33m.[39mwoff2[33m%[39m[35m22[39m[33m,[39m[33m%[39m[35m22[39mpreload[33m%[39m[35m22[39m[33m:[39m[36mfalse[39m[33m,[39m[33m%[39m[35m22[39mhas_size_adjust[33m%[39m[35m22[39m[33m:[39m[36mtrue[39m}) format([32m'woff2'[39m)[33m;[39m
[31m[1m>[22m[39m[90m 17 |[39m   unicode[33m-[39mrange[33m:[39m [33mU[39m[33m+[39m[35m0102[39m[33m-[39m[35m0103[39m[33m,[39m [33mU[39m[33m+[39m[35m0110[39m[33m-[39m[35m0111[39m[33m,[39m [33mU[39m[33m+[39m[35m0128[39m[33m-[39m[35m0129[39m[33m,[39m [33mU[39m[33m+[39m[35m0168[39m[33m-[39m[35m0169[39m[33m,[39m [33mU[39m[33m+[39m[35m01[39m[33mA0[39m[33m-[39m[35m01[39m[33mA1[39m[33m,[39m [33mU[39m[33m+[39m[35m01[39m[33mAF[39m[33m-[39m[35m01[39m[33mB0[39m[33m,[39m [33mU[39m[33m+[39m[35m0300[39m[33m-[39m[35m0301[39m[33m,[39m [33mU[39m[33m+[39m[35m0303[39m[33m-[39m[35m0304[39m[33m,[39m [33mU[39m[33m+[39m[35m0308[39m[33m-[39m[35m0309[39m[33m,[39m [33mU[39m[33m+[39m[35m0323[39m[33m,[39m [33mU[39m[33m+[39m[35m0329[39m[33m,[39m [33mU[39m[33m+[39m[35m1[39m[33mEA0[39m[33m-[39m[35m1[39m[33mEF9[39m[33m,[39m [33mU[39m[33m+[39m[35m20[39m[33mAB[39m[33m;[39m
 [90m    |[39m         [31m[1m^[22m[39m
 [90m 18 |[39m }
 [90m 19 |[39m [90m/* latin-ext */[39m
 [90m 20 |[39m [33m@[39mfont[33m-[39mface {[0m

Import map: Resolved by import map


Import traces:
  Client Component Browser:
    [next]/internal/font/google/playfair_display_7b588da2.module.css [Client Component Browser]
    [next]/internal/font/google/playfair_display_7b588da2.js [Client Component Browser]
    ./src/components/newhome/MissionStatementDark.tsx [Client Component Browser]
    ./src/components/newhome/MissionStatementDark.tsx [Server Component]
    ./src/app/homedark/page.tsx [Server Component]

  Client Component SSR:
    [next]/internal/font/google/playfair_display_7b588da2.module.css [Client Component SSR]
    [next]/internal/font/google/playfair_display_7b588da2.js [Client Component SSR]
    ./src/components/newhome/MissionStatementDark.tsx [Client Component SSR]
    ./src/components/newhome/MissionStatementDark.tsx [Server Component]
    ./src/app/homedark/page.tsx [Server Component]

https://nextjs.org/docs/messages/module-not-found


[next]/internal/font/google/playfair_display_7b588da2.module.css:26:9
Module not found: Can't resolve '@vercel/turbopack-next/internal/font/google/font'
[0m [90m 24 |[39m   font[33m-[39mdisplay[33m:[39m swap[33m;[39m
 [90m 25 |[39m   src[33m:[39m url([33m@[39mvercel[33m/[39mturbopack[33m-[39mnext[33m/[39minternal[33m/[39mfont[33m/[39mgoogle[35m/font?{%22url%22:%22https:/[39m[33m/[39mfonts[33m.[39mgstatic[33m.[39mcom[33m/[39ms[33m/[39mplayfairdisplay[33m/[39mv40[33m/[39mnuFiD[33m-[39mvYSZviVYUb_rj3ij__anPXDTLYgEM86xRbPQ[33m.[39mwoff2[33m%[39m[35m22[39m[33m,[39m[33m%[39m[35m22[39mpreload[33m%[39m[35m22[39m[33m:[39m[36mfalse[39m[33m,[39m[33m%[39m[35m22[39mhas_size_adjust[33m%[39m[35m22[39m[33m:[39m[36mtrue[39m}) format([32m'woff2'[39m)[33m;[39m
[31m[1m>[22m[39m[90m 26 |[39m   unicode[33m-[39mrange[33m:[39m [33mU[39m[33m+[39m[35m0100[39m[33m-[39m[35m02[39m[33mBA[39m[33m,[39m [33mU[39m[33m+[39m[35m02[39m[33mBD[39m[33m-[39m[35m02[39m[33mC5[39m[33m,[39m [33mU[39m[33m+[39m[35m02[39m[33mC7[39m[33m-[39m[35m02[39m[33mCC[39m[33m,[39m [33mU[39m[33m+[39m[35m02[39m[33mCE[39m[33m-[39m[35m02[39m[33mD7[39m[33m,[39m [33mU[39m[33m+[39m[35m02[39m[33mDD[39m[33m-[39m[35m02[39m[33mFF[39m[33m,[39m [33mU[39m[33m+[39m[35m0304[39m[33m,[39m [33mU[39m[33m+[39m[35m0308[39m[33m,[39m [33mU[39m[33m+[39m[35m0329[39m[33m,[39m [33mU[39m[33m+[39m[35m1[39m[33mD00[39m[33m-[39m[35m1[39m[33mDBF[39m[33m,[39m [33mU[39m[33m+[39m[35m1E00[39m[33m-[39m[35m1E9[39m[33mF[39m[33m,[39m [33mU[39m[33m+[39m[35m1[39m[33mEF2[39m[33m-[39m[35m1[39m[33mEFF[39m[33m,[39m [33mU[39m[33m+[39m[35m2020[39m[33m,[39m [33mU[39m[33m+[39m[35m20[39m[33mA0[39m[33m-[39m[35m20[39m[33mAB[39m[33m,[39m [33mU[39m[33m+[39m[35m20[39m[33mAD[39m[33m-[39m[35m20[39m[33mC0[39m[33m,[39m [33mU[39m[33m+[39m[35m2113[39m[33m,[39m [33mU[39m[33m+[39m[35m2[39m[33mC60[39m[33m-[39m[35m2[39m[33mC7F[39m[33m,[39m [33mU[39m[33m+[39m[33mA720[39m[33m-[39m[33mA7FF[39m[33m;[39m
 [90m    |[39m         [31m[1m^[22m[39m
 [90m 27 |[39m }
 [90m 28 |[39m [90m/* latin */[39m
 [90m 29 |[39m [33m@[39mfont[33m-[39mface {[0m

Import map: Resolved by import map


Import traces:
  Client Component Browser:
    [next]/internal/font/google/playfair_display_7b588da2.module.css [Client Component Browser]
    [next]/internal/font/google/playfair_display_7b588da2.js [Client Component Browser]
    ./src/components/newhome/MissionStatementDark.tsx [Client Component Browser]
    ./src/components/newhome/MissionStatementDark.tsx [Server Component]
    ./src/app/homedark/page.tsx [Server Component]

  Client Component SSR:
    [next]/internal/font/google/playfair_display_7b588da2.module.css [Client Component SSR]
    [next]/internal/font/google/playfair_display_7b588da2.js [Client Component SSR]
    ./src/components/newhome/MissionStatementDark.tsx [Client Component SSR]
    ./src/components/newhome/MissionStatementDark.tsx [Server Component]
    ./src/app/homedark/page.tsx [Server Component]

https://nextjs.org/docs/messages/module-not-found


[next]/internal/font/google/playfair_display_7b588da2.module.css:35:9
Module not found: Can't resolve '@vercel/turbopack-next/internal/font/google/font'
[0m [90m 33 |[39m   font[33m-[39mdisplay[33m:[39m swap[33m;[39m
 [90m 34 |[39m   src[33m:[39m url([33m@[39mvercel[33m/[39mturbopack[33m-[39mnext[33m/[39minternal[33m/[39mfont[33m/[39mgoogle[35m/font?{%22url%22:%22https:/[39m[33m/[39mfonts[33m.[39mgstatic[33m.[39mcom[33m/[39ms[33m/[39mplayfairdisplay[33m/[39mv40[33m/[39mnuFiD[33m-[39mvYSZviVYUb_rj3ij__anPXDTzYgEM86xQ[33m.[39mwoff2[33m%[39m[35m22[39m[33m,[39m[33m%[39m[35m22[39mpreload[33m%[39m[35m22[39m[33m:[39m[36mtrue[39m[33m,[39m[33m%[39m[35m22[39mhas_size_adjust[33m%[39m[35m22[39m[33m:[39m[36mtrue[39m}) format([32m'woff2'[39m)[33m;[39m
[31m[1m>[22m[39m[90m 35 |[39m   unicode[33m-[39mrange[33m:[39m [33mU[39m[33m+[39m[35m0000[39m[33m-[39m[35m00[39m[33mFF[39m[33m,[39m [33mU[39m[33m+[39m[35m0131[39m[33m,[39m [33mU[39m[33m+[39m[35m0152[39m[33m-[39m[35m0153[39m[33m,[39m [33mU[39m[33m+[39m[35m02[39m[33mBB[39m[33m-[39m[35m02[39m[33mBC[39m[33m,[39m [33mU[39m[33m+[39m[35m02[39m[33mC6[39m[33m,[39m [33mU[39m[33m+[39m[35m02[39m[33mDA[39m[33m,[39m [33mU[39m[33m+[39m[35m02[39m[33mDC[39m[33m,[39m [33mU[39m[33m+[39m[35m0304[39m[33m,[39m [33mU[39m[33m+[39m[35m0308[39m[33m,[39m [33mU[39m[33m+[39m[35m0329[39m[33m,[39m [33mU[39m[33m+[39m[35m2000[39m[33m-[39m[35m206[39m[33mF[39m[33m,[39m [33mU[39m[33m+[39m[35m20[39m[33mAC[39m[33m,[39m [33mU[39m[33m+[39m[35m2122[39m[33m,[39m [33mU[39m[33m+[39m[35m2191[39m[33m,[39m [33mU[39m[33m+[39m[35m2193[39m[33m,[39m [33mU[39m[33m+[39m[35m2212[39m[33m,[39m [33mU[39m[33m+[39m[35m2215[39m[33m,[39m [33mU[39m[33m+[39m[33mFEFF[39m[33m,[39m [33mU[39m[33m+[39m[33mFFFD[39m[33m;[39m
 [90m    |[39m         [31m[1m^[22m[39m
 [90m 36 |[39m }
 [90m 37 |[39m [90m/* cyrillic */[39m
 [90m 38 |[39m [33m@[39mfont[33m-[39mface {[0m

Import map: Resolved by import map


Import traces:
  Client Component Browser:
    [next]/internal/font/google/playfair_display_7b588da2.module.css [Client Component Browser]
    [next]/internal/font/google/playfair_display_7b588da2.js [Client Component Browser]
    ./src/components/newhome/MissionStatementDark.tsx [Client Component Browser]
    ./src/components/newhome/MissionStatementDark.tsx [Server Component]
    ./src/app/homedark/page.tsx [Server Component]

  Client Component SSR:
    [next]/internal/font/google/playfair_display_7b588da2.module.css [Client Component SSR]
    [next]/internal/font/google/playfair_display_7b588da2.js [Client Component SSR]
    ./src/components/newhome/MissionStatementDark.tsx [Client Component SSR]
    ./src/components/newhome/MissionStatementDark.tsx [Server Component]
    ./src/app/homedark/page.tsx [Server Component]

https://nextjs.org/docs/messages/module-not-found


[next]/internal/font/google/playfair_display_7b588da2.module.css:44:9
Module not found: Can't resolve '@vercel/turbopack-next/internal/font/google/font'
[0m [90m 42 |[39m   font[33m-[39mdisplay[33m:[39m swap[33m;[39m
 [90m 43 |[39m   src[33m:[39m url([33m@[39mvercel[33m/[39mturbopack[33m-[39mnext[33m/[39minternal[33m/[39mfont[33m/[39mgoogle[35m/font?{%22url%22:%22https:/[39m[33m/[39mfonts[33m.[39mgstatic[33m.[39mcom[33m/[39ms[33m/[39mplayfairdisplay[33m/[39mv40[33m/[39mnuFiD[33m-[39mvYSZviVYUb_rj3ij__anPXDTjYgEM86xRbPQ[33m.[39mwoff2[33m%[39m[35m22[39m[33m,[39m[33m%[39m[35m22[39mpreload[33m%[39m[35m22[39m[33m:[39m[36mfalse[39m[33m,[39m[33m%[39m[35m22[39mhas_size_adjust[33m%[39m[35m22[39m[33m:[39m[36mtrue[39m}) format([32m'woff2'[39m)[33m;[39m
[31m[1m>[22m[39m[90m 44 |[39m   unicode[33m-[39mrange[33m:[39m [33mU[39m[33m+[39m[35m0301[39m[33m,[39m [33mU[39m[33m+[39m[35m0400[39m[33m-[39m[35m045[39m[33mF[39m[33m,[39m [33mU[39m[33m+[39m[35m0490[39m[33m-[39m[35m0491[39m[33m,[39m [33mU[39m[33m+[39m[35m04[39m[33mB0[39m[33m-[39m[35m04[39m[33mB1[39m[33m,[39m [33mU[39m[33m+[39m[35m2116[39m[33m;[39m
 [90m    |[39m         [31m[1m^[22m[39m
 [90m 45 |[39m }
 [90m 46 |[39m [90m/* vietnamese */[39m
 [90m 47 |[39m [33m@[39mfont[33m-[39mface {[0m

Import map: Resolved by import map


Import traces:
  Client Component Browser:
    [next]/internal/font/google/playfair_display_7b588da2.module.css [Client Component Browser]
    [next]/internal/font/google/playfair_display_7b588da2.js [Client Component Browser]
    ./src/components/newhome/MissionStatementDark.tsx [Client Component Browser]
    ./src/components/newhome/MissionStatementDark.tsx [Server Component]
    ./src/app/homedark/page.tsx [Server Component]

  Client Component SSR:
    [next]/internal/font/google/playfair_display_7b588da2.module.css [Client Component SSR]
    [next]/internal/font/google/playfair_display_7b588da2.js [Client Component SSR]
    ./src/components/newhome/MissionStatementDark.tsx [Client Component SSR]
    ./src/components/newhome/MissionStatementDark.tsx [Server Component]
    ./src/app/homedark/page.tsx [Server Component]

https://nextjs.org/docs/messages/module-not-found


[next]/internal/font/google/playfair_display_7b588da2.module.css:53:9
Module not found: Can't resolve '@vercel/turbopack-next/internal/font/google/font'
[0m [90m 51 |[39m   font[33m-[39mdisplay[33m:[39m swap[33m;[39m
 [90m 52 |[39m   src[33m:[39m url([33m@[39mvercel[33m/[39mturbopack[33m-[39mnext[33m/[39minternal[33m/[39mfont[33m/[39mgoogle[35m/font?{%22url%22:%22https:/[39m[33m/[39mfonts[33m.[39mgstatic[33m.[39mcom[33m/[39ms[33m/[39mplayfairdisplay[33m/[39mv40[33m/[39mnuFiD[33m-[39mvYSZviVYUb_rj3ij__anPXDTPYgEM86xRbPQ[33m.[39mwoff2[33m%[39m[35m22[39m[33m,[39m[33m%[39m[35m22[39mpreload[33m%[39m[35m22[39m[33m:[39m[36mfalse[39m[33m,[39m[33m%[39m[35m22[39mhas_size_adjust[33m%[39m[35m22[39m[33m:[39m[36mtrue[39m}) format([32m'woff2'[39m)[33m;[39m
[31m[1m>[22m[39m[90m 53 |[39m   unicode[33m-[39mrange[33m:[39m [33mU[39m[33m+[39m[35m0102[39m[33m-[39m[35m0103[39m[33m,[39m [33mU[39m[33m+[39m[35m0110[39m[33m-[39m[35m0111[39m[33m,[39m [33mU[39m[33m+[39m[35m0128[39m[33m-[39m[35m0129[39m[33m,[39m [33mU[39m[33m+[39m[35m0168[39m[33m-[39m[35m0169[39m[33m,[39m [33mU[39m[33m+[39m[35m01[39m[33mA0[39m[33m-[39m[35m01[39m[33mA1[39m[33m,[39m [33mU[39m[33m+[39m[35m01[39m[33mAF[39m[33m-[39m[35m01[39m[33mB0[39m[33m,[39m [33mU[39m[33m+[39m[35m0300[39m[33m-[39m[35m0301[39m[33m,[39m [33mU[39m[33m+[39m[35m0303[39m[33m-[39m[35m0304[39m[33m,[39m [33mU[39m[33m+[39m[35m0308[39m[33m-[39m[35m0309[39m[33m,[39m [33mU[39m[33m+[39m[35m0323[39m[33m,[39m [33mU[39m[33m+[39m[35m0329[39m[33m,[39m [33mU[39m[33m+[39m[35m1[39m[33mEA0[39m[33m-[39m[35m1[39m[33mEF9[39m[33m,[39m [33mU[39m[33m+[39m[35m20[39m[33mAB[39m[33m;[39m
 [90m    |[39m         [31m[1m^[22m[39m
 [90m 54 |[39m }
 [90m 55 |[39m [90m/* latin-ext */[39m
 [90m 56 |[39m [33m@[39mfont[33m-[39mface {[0m

Import map: Resolved by import map


Import traces:
  Client Component Browser:
    [next]/internal/font/google/playfair_display_7b588da2.module.css [Client Component Browser]
    [next]/internal/font/google/playfair_display_7b588da2.js [Client Component Browser]
    ./src/components/newhome/MissionStatementDark.tsx [Client Component Browser]
    ./src/components/newhome/MissionStatementDark.tsx [Server Component]
    ./src/app/homedark/page.tsx [Server Component]

  Client Component SSR:
    [next]/internal/font/google/playfair_display_7b588da2.module.css [Client Component SSR]
    [next]/internal/font/google/playfair_display_7b588da2.js [Client Component SSR]
    ./src/components/newhome/MissionStatementDark.tsx [Client Component SSR]
    ./src/components/newhome/MissionStatementDark.tsx [Server Component]
    ./src/app/homedark/page.tsx [Server Component]

https://nextjs.org/docs/messages/module-not-found


[next]/internal/font/google/playfair_display_7b588da2.module.css:62:9
Module not found: Can't resolve '@vercel/turbopack-next/internal/font/google/font'
[0m [90m 60 |[39m   font[33m-[39mdisplay[33m:[39m swap[33m;[39m
 [90m 61 |[39m   src[33m:[39m url([33m@[39mvercel[33m/[39mturbopack[33m-[39mnext[33m/[39minternal[33m/[39mfont[33m/[39mgoogle[35m/font?{%22url%22:%22https:/[39m[33m/[39mfonts[33m.[39mgstatic[33m.[39mcom[33m/[39ms[33m/[39mplayfairdisplay[33m/[39mv40[33m/[39mnuFiD[33m-[39mvYSZviVYUb_rj3ij__anPXDTLYgEM86xRbPQ[33m.[39mwoff2[33m%[39m[35m22[39m[33m,[39m[33m%[39m[35m22[39mpreload[33m%[39m[35m22[39m[33m:[39m[36mfalse[39m[33m,[39m[33m%[39m[35m22[39mhas_size_adjust[33m%[39m[35m22[39m[33m:[39m[36mtrue[39m}) format([32m'woff2'[39m)[33m;[39m
[31m[1m>[22m[39m[90m 62 |[39m   unicode[33m-[39mrange[33m:[39m [33mU[39m[33m+[39m[35m0100[39m[33m-[39m[35m02[39m[33mBA[39m[33m,[39m [33mU[39m[33m+[39m[35m02[39m[33mBD[39m[33m-[39m[35m02[39m[33mC5[39m[33m,[39m [33mU[39m[33m+[39m[35m02[39m[33mC7[39m[33m-[39m[35m02[39m[33mCC[39m[33m,[39m [33mU[39m[33m+[39m[35m02[39m[33mCE[39m[33m-[39m[35m02[39m[33mD7[39m[33m,[39m [33mU[39m[33m+[39m[35m02[39m[33mDD[39m[33m-[39m[35m02[39m[33mFF[39m[33m,[39m [33mU[39m[33m+[39m[35m0304[39m[33m,[39m [33mU[39m[33m+[39m[35m0308[39m[33m,[39m [33mU[39m[33m+[39m[35m0329[39m[33m,[39m [33mU[39m[33m+[39m[35m1[39m[33mD00[39m[33m-[39m[35m1[39m[33mDBF[39m[33m,[39m [33mU[39m[33m+[39m[35m1E00[39m[33m-[39m[35m1E9[39m[33mF[39m[33m,[39m [33mU[39m[33m+[39m[35m1[39m[33mEF2[39m[33m-[39m[35m1[39m[33mEFF[39m[33m,[39m [33mU[39m[33m+[39m[35m2020[39m[33m,[39m [33mU[39m[33m+[39m[35m20[39m[33mA0[39m[33m-[39m[35m20[39m[33mAB[39m[33m,[39m [33mU[39m[33m+[39m[35m20[39m[33mAD[39m[33m-[39m[35m20[39m[33mC0[39m[33m,[39m [33mU[39m[33m+[39m[35m2113[39m[33m,[39m [33mU[39m[33m+[39m[35m2[39m[33mC60[39m[33m-[39m[35m2[39m[33mC7F[39m[33m,[39m [33mU[39m[33m+[39m[33mA720[39m[33m-[39m[33mA7FF[39m[33m;[39m
 [90m    |[39m         [31m[1m^[22m[39m
 [90m 63 |[39m }
 [90m 64 |[39m [90m/* latin */[39m
 [90m 65 |[39m [33m@[39mfont[33m-[39mface {[0m

Import map: Resolved by import map


Import traces:
  Client Component Browser:
    [next]/internal/font/google/playfair_display_7b588da2.module.css [Client Component Browser]
    [next]/internal/font/google/playfair_display_7b588da2.js [Client Component Browser]
    ./src/components/newhome/MissionStatementDark.tsx [Client Component Browser]
    ./src/components/newhome/MissionStatementDark.tsx [Server Component]
    ./src/app/homedark/page.tsx [Server Component]

  Client Component SSR:
    [next]/internal/font/google/playfair_display_7b588da2.module.css [Client Component SSR]
    [next]/internal/font/google/playfair_display_7b588da2.js [Client Component SSR]
    ./src/components/newhome/MissionStatementDark.tsx [Client Component SSR]
    ./src/components/newhome/MissionStatementDark.tsx [Server Component]
    ./src/app/homedark/page.tsx [Server Component]

https://nextjs.org/docs/messages/module-not-found


[next]/internal/font/google/playfair_display_7b588da2.module.css:71:9
Module not found: Can't resolve '@vercel/turbopack-next/internal/font/google/font'
[0m [90m 69 |[39m   font[33m-[39mdisplay[33m:[39m swap[33m;[39m
 [90m 70 |[39m   src[33m:[39m url([33m@[39mvercel[33m/[39mturbopack[33m-[39mnext[33m/[39minternal[33m/[39mfont[33m/[39mgoogle[35m/font?{%22url%22:%22https:/[39m[33m/[39mfonts[33m.[39mgstatic[33m.[39mcom[33m/[39ms[33m/[39mplayfairdisplay[33m/[39mv40[33m/[39mnuFiD[33m-[39mvYSZviVYUb_rj3ij__anPXDTzYgEM86xQ[33m.[39mwoff2[33m%[39m[35m22[39m[33m,[39m[33m%[39m[35m22[39mpreload[33m%[39m[35m22[39m[33m:[39m[36mtrue[39m[33m,[39m[33m%[39m[35m22[39mhas_size_adjust[33m%[39m[35m22[39m[33m:[39m[36mtrue[39m}) format([32m'woff2'[39m)[33m;[39m
[31m[1m>[22m[39m[90m 71 |[39m   unicode[33m-[39mrange[33m:[39m [33mU[39m[33m+[39m[35m0000[39m[33m-[39m[35m00[39m[33mFF[39m[33m,[39m [33mU[39m[33m+[39m[35m0131[39m[33m,[39m [33mU[39m[33m+[39m[35m0152[39m[33m-[39m[35m0153[39m[33m,[39m [33mU[39m[33m+[39m[35m02[39m[33mBB[39m[33m-[39m[35m02[39m[33mBC[39m[33m,[39m [33mU[39m[33m+[39m[35m02[39m[33mC6[39m[33m,[39m [33mU[39m[33m+[39m[35m02[39m[33mDA[39m[33m,[39m [33mU[39m[33m+[39m[35m02[39m[33mDC[39m[33m,[39m [33mU[39m[33m+[39m[35m0304[39m[33m,[39m [33mU[39m[33m+[39m[35m0308[39m[33m,[39m [33mU[39m[33m+[39m[35m0329[39m[33m,[39m [33mU[39m[33m+[39m[35m2000[39m[33m-[39m[35m206[39m[33mF[39m[33m,[39m [33mU[39m[33m+[39m[35m20[39m[33mAC[39m[33m,[39m [33mU[39m[33m+[39m[35m2122[39m[33m,[39m [33mU[39m[33m+[39m[35m2191[39m[33m,[39m [33mU[39m[33m+[39m[35m2193[39m[33m,[39m [33mU[39m[33m+[39m[35m2212[39m[33m,[39m [33mU[39m[33m+[39m[35m2215[39m[33m,[39m [33mU[39m[33m+[39m[33mFEFF[39m[33m,[39m [33mU[39m[33m+[39m[33mFFFD[39m[33m;[39m
 [90m    |[39m         [31m[1m^[22m[39m
 [90m 72 |[39m }
 [90m 73 |[39m [33m@[39mfont[33m-[39mface {
 [90m 74 |[39m     font[33m-[39mfamily[33m:[39m [32m'Playfair Display Fallback'[39m[33m;[39m[0m

Import map: Resolved by import map


Import traces:
  Client Component Browser:
    [next]/internal/font/google/playfair_display_7b588da2.module.css [Client Component Browser]
    [next]/internal/font/google/playfair_display_7b588da2.js [Client Component Browser]
    ./src/components/newhome/MissionStatementDark.tsx [Client Component Browser]
    ./src/components/newhome/MissionStatementDark.tsx [Server Component]
    ./src/app/homedark/page.tsx [Server Component]

  Client Component SSR:
    [next]/internal/font/google/playfair_display_7b588da2.module.css [Client Component SSR]
    [next]/internal/font/google/playfair_display_7b588da2.js [Client Component SSR]
    ./src/components/newhome/MissionStatementDark.tsx [Client Component SSR]
    ./src/components/newhome/MissionStatementDark.tsx [Server Component]
    ./src/app/homedark/page.tsx [Server Component]

https://nextjs.org/docs/messages/module-not-found


[next]/internal/font/google/playfair_display_8856771b.module.css:8:9
Module not found: Can't resolve '@vercel/turbopack-next/internal/font/google/font'
[0m [90m  6 |[39m   font[33m-[39mdisplay[33m:[39m swap[33m;[39m
 [90m  7 |[39m   src[33m:[39m url([33m@[39mvercel[33m/[39mturbopack[33m-[39mnext[33m/[39minternal[33m/[39mfont[33m/[39mgoogle[35m/font?{%22url%22:%22https:/[39m[33m/[39mfonts[33m.[39mgstatic[33m.[39mcom[33m/[39ms[33m/[39mplayfairdisplay[33m/[39mv40[33m/[39mnuFiD[33m-[39mvYSZviVYUb_rj3ij__anPXDTjYgEM86xRbPQ[33m.[39mwoff2[33m%[39m[35m22[39m[33m,[39m[33m%[39m[35m22[39mpreload[33m%[39m[35m22[39m[33m:[39m[36mfalse[39m[33m,[39m[33m%[39m[35m22[39mhas_size_adjust[33m%[39m[35m22[39m[33m:[39m[36mtrue[39m}) format([32m'woff2'[39m)[33m;[39m
[31m[1m>[22m[39m[90m  8 |[39m   unicode[33m-[39mrange[33m:[39m [33mU[39m[33m+[39m[35m0301[39m[33m,[39m [33mU[39m[33m+[39m[35m0400[39m[33m-[39m[35m045[39m[33mF[39m[33m,[39m [33mU[39m[33m+[39m[35m0490[39m[33m-[39m[35m0491[39m[33m,[39m [33mU[39m[33m+[39m[35m04[39m[33mB0[39m[33m-[39m[35m04[39m[33mB1[39m[33m,[39m [33mU[39m[33m+[39m[35m2116[39m[33m;[39m
 [90m    |[39m         [31m[1m^[22m[39m
 [90m  9 |[39m }
 [90m 10 |[39m [90m/* vietnamese */[39m
 [90m 11 |[39m [33m@[39mfont[33m-[39mface {[0m

Import map: Resolved by import map


Import traces:
  Client Component Browser:
    [next]/internal/font/google/playfair_display_8856771b.module.css [Client Component Browser]
    [next]/internal/font/google/playfair_display_8856771b.js [Client Component Browser]
    ./src/components/newhome/MissionStatementNewHome.tsx [Client Component Browser]
    ./src/components/newhome/MissionStatementNewHome.tsx [Server Component]
    ./src/app/about/page.tsx [Server Component]

  Client Component SSR:
    [next]/internal/font/google/playfair_display_8856771b.module.css [Client Component SSR]
    [next]/internal/font/google/playfair_display_8856771b.js [Client Component SSR]
    ./src/components/newhome/MissionStatementNewHome.tsx [Client Component SSR]
    ./src/components/newhome/MissionStatementNewHome.tsx [Server Component]
    ./src/app/about/page.tsx [Server Component]

https://nextjs.org/docs/messages/module-not-found


[next]/internal/font/google/playfair_display_8856771b.module.css:17:9
Module not found: Can't resolve '@vercel/turbopack-next/internal/font/google/font'
[0m [90m 15 |[39m   font[33m-[39mdisplay[33m:[39m swap[33m;[39m
 [90m 16 |[39m   src[33m:[39m url([33m@[39mvercel[33m/[39mturbopack[33m-[39mnext[33m/[39minternal[33m/[39mfont[33m/[39mgoogle[35m/font?{%22url%22:%22https:/[39m[33m/[39mfonts[33m.[39mgstatic[33m.[39mcom[33m/[39ms[33m/[39mplayfairdisplay[33m/[39mv40[33m/[39mnuFiD[33m-[39mvYSZviVYUb_rj3ij__anPXDTPYgEM86xRbPQ[33m.[39mwoff2[33m%[39m[35m22[39m[33m,[39m[33m%[39m[35m22[39mpreload[33m%[39m[35m22[39m[33m:[39m[36mfalse[39m[33m,[39m[33m%[39m[35m22[39mhas_size_adjust[33m%[39m[35m22[39m[33m:[39m[36mtrue[39m}) format([32m'woff2'[39m)[33m;[39m
[31m[1m>[22m[39m[90m 17 |[39m   unicode[33m-[39mrange[33m:[39m [33mU[39m[33m+[39m[35m0102[39m[33m-[39m[35m0103[39m[33m,[39m [33mU[39m[33m+[39m[35m0110[39m[33m-[39m[35m0111[39m[33m,[39m [33mU[39m[33m+[39m[35m0128[39m[33m-[39m[35m0129[39m[33m,[39m [33mU[39m[33m+[39m[35m0168[39m[33m-[39m[35m0169[39m[33m,[39m [33mU[39m[33m+[39m[35m01[39m[33mA0[39m[33m-[39m[35m01[39m[33mA1[39m[33m,[39m [33mU[39m[33m+[39m[35m01[39m[33mAF[39m[33m-[39m[35m01[39m[33mB0[39m[33m,[39m [33mU[39m[33m+[39m[35m0300[39m[33m-[39m[35m0301[39m[33m,[39m [33mU[39m[33m+[39m[35m0303[39m[33m-[39m[35m0304[39m[33m,[39m [33mU[39m[33m+[39m[35m0308[39m[33m-[39m[35m0309[39m[33m,[39m [33mU[39m[33m+[39m[35m0323[39m[33m,[39m [33mU[39m[33m+[39m[35m0329[39m[33m,[39m [33mU[39m[33m+[39m[35m1[39m[33mEA0[39m[33m-[39m[35m1[39m[33mEF9[39m[33m,[39m [33mU[39m[33m+[39m[35m20[39m[33mAB[39m[33m;[39m
 [90m    |[39m         [31m[1m^[22m[39m
 [90m 18 |[39m }
 [90m 19 |[39m [90m/* latin-ext */[39m
 [90m 20 |[39m [33m@[39mfont[33m-[39mface {[0m

Import map: Resolved by import map


Import traces:
  Client Component Browser:
    [next]/internal/font/google/playfair_display_8856771b.module.css [Client Component Browser]
    [next]/internal/font/google/playfair_display_8856771b.js [Client Component Browser]
    ./src/components/newhome/MissionStatementNewHome.tsx [Client Component Browser]
    ./src/components/newhome/MissionStatementNewHome.tsx [Server Component]
    ./src/app/about/page.tsx [Server Component]

  Client Component SSR:
    [next]/internal/font/google/playfair_display_8856771b.module.css [Client Component SSR]
    [next]/internal/font/google/playfair_display_8856771b.js [Client Component SSR]
    ./src/components/newhome/MissionStatementNewHome.tsx [Client Component SSR]
    ./src/components/newhome/MissionStatementNewHome.tsx [Server Component]
    ./src/app/about/page.tsx [Server Component]

https://nextjs.org/docs/messages/module-not-found


[next]/internal/font/google/playfair_display_8856771b.module.css:26:9
Module not found: Can't resolve '@vercel/turbopack-next/internal/font/google/font'
[0m [90m 24 |[39m   font[33m-[39mdisplay[33m:[39m swap[33m;[39m
 [90m 25 |[39m   src[33m:[39m url([33m@[39mvercel[33m/[39mturbopack[33m-[39mnext[33m/[39minternal[33m/[39mfont[33m/[39mgoogle[35m/font?{%22url%22:%22https:/[39m[33m/[39mfonts[33m.[39mgstatic[33m.[39mcom[33m/[39ms[33m/[39mplayfairdisplay[33m/[39mv40[33m/[39mnuFiD[33m-[39mvYSZviVYUb_rj3ij__anPXDTLYgEM86xRbPQ[33m.[39mwoff2[33m%[39m[35m22[39m[33m,[39m[33m%[39m[35m22[39mpreload[33m%[39m[35m22[39m[33m:[39m[36mfalse[39m[33m,[39m[33m%[39m[35m22[39mhas_size_adjust[33m%[39m[35m22[39m[33m:[39m[36mtrue[39m}) format([32m'woff2'[39m)[33m;[39m
[31m[1m>[22m[39m[90m 26 |[39m   unicode[33m-[39mrange[33m:[39m [33mU[39m[33m+[39m[35m0100[39m[33m-[39m[35m02[39m[33mBA[39m[33m,[39m [33mU[39m[33m+[39m[35m02[39m[33mBD[39m[33m-[39m[35m02[39m[33mC5[39m[33m,[39m [33mU[39m[33m+[39m[35m02[39m[33mC7[39m[33m-[39m[35m02[39m[33mCC[39m[33m,[39m [33mU[39m[33m+[39m[35m02[39m[33mCE[39m[33m-[39m[35m02[39m[33mD7[39m[33m,[39m [33mU[39m[33m+[39m[35m02[39m[33mDD[39m[33m-[39m[35m02[39m[33mFF[39m[33m,[39m [33mU[39m[33m+[39m[35m0304[39m[33m,[39m [33mU[39m[33m+[39m[35m0308[39m[33m,[39m [33mU[39m[33m+[39m[35m0329[39m[33m,[39m [33mU[39m[33m+[39m[35m1[39m[33mD00[39m[33m-[39m[35m1[39m[33mDBF[39m[33m,[39m [33mU[39m[33m+[39m[35m1E00[39m[33m-[39m[35m1E9[39m[33mF[39m[33m,[39m [33mU[39m[33m+[39m[35m1[39m[33mEF2[39m[33m-[39m[35m1[39m[33mEFF[39m[33m,[39m [33mU[39m[33m+[39m[35m2020[39m[33m,[39m [33mU[39m[33m+[39m[35m20[39m[33mA0[39m[33m-[39m[35m20[39m[33mAB[39m[33m,[39m [33mU[39m[33m+[39m[35m20[39m[33mAD[39m[33m-[39m[35m20[39m[33mC0[39m[33m,[39m [33mU[39m[33m+[39m[35m2113[39m[33m,[39m [33mU[39m[33m+[39m[35m2[39m[33mC60[39m[33m-[39m[35m2[39m[33mC7F[39m[33m,[39m [33mU[39m[33m+[39m[33mA720[39m[33m-[39m[33mA7FF[39m[33m;[39m
 [90m    |[39m         [31m[1m^[22m[39m
 [90m 27 |[39m }
 [90m 28 |[39m [90m/* latin */[39m
 [90m 29 |[39m [33m@[39mfont[33m-[39mface {[0m

Import map: Resolved by import map


Import traces:
  Client Component Browser:
    [next]/internal/font/google/playfair_display_8856771b.module.css [Client Component Browser]
    [next]/internal/font/google/playfair_display_8856771b.js [Client Component Browser]
    ./src/components/newhome/MissionStatementNewHome.tsx [Client Component Browser]
    ./src/components/newhome/MissionStatementNewHome.tsx [Server Component]
    ./src/app/about/page.tsx [Server Component]

  Client Component SSR:
    [next]/internal/font/google/playfair_display_8856771b.module.css [Client Component SSR]
    [next]/internal/font/google/playfair_display_8856771b.js [Client Component SSR]
    ./src/components/newhome/MissionStatementNewHome.tsx [Client Component SSR]
    ./src/components/newhome/MissionStatementNewHome.tsx [Server Component]
    ./src/app/about/page.tsx [Server Component]

https://nextjs.org/docs/messages/module-not-found


[next]/internal/font/google/playfair_display_8856771b.module.css:35:9
Module not found: Can't resolve '@vercel/turbopack-next/internal/font/google/font'
[0m [90m 33 |[39m   font[33m-[39mdisplay[33m:[39m swap[33m;[39m
 [90m 34 |[39m   src[33m:[39m url([33m@[39mvercel[33m/[39mturbopack[33m-[39mnext[33m/[39minternal[33m/[39mfont[33m/[39mgoogle[35m/font?{%22url%22:%22https:/[39m[33m/[39mfonts[33m.[39mgstatic[33m.[39mcom[33m/[39ms[33m/[39mplayfairdisplay[33m/[39mv40[33m/[39mnuFiD[33m-[39mvYSZviVYUb_rj3ij__anPXDTzYgEM86xQ[33m.[39mwoff2[33m%[39m[35m22[39m[33m,[39m[33m%[39m[35m22[39mpreload[33m%[39m[35m22[39m[33m:[39m[36mtrue[39m[33m,[39m[33m%[39m[35m22[39mhas_size_adjust[33m%[39m[35m22[39m[33m:[39m[36mtrue[39m}) format([32m'woff2'[39m)[33m;[39m
[31m[1m>[22m[39m[90m 35 |[39m   unicode[33m-[39mrange[33m:[39m [33mU[39m[33m+[39m[35m0000[39m[33m-[39m[35m00[39m[33mFF[39m[33m,[39m [33mU[39m[33m+[39m[35m0131[39m[33m,[39m [33mU[39m[33m+[39m[35m0152[39m[33m-[39m[35m0153[39m[33m,[39m [33mU[39m[33m+[39m[35m02[39m[33mBB[39m[33m-[39m[35m02[39m[33mBC[39m[33m,[39m [33mU[39m[33m+[39m[35m02[39m[33mC6[39m[33m,[39m [33mU[39m[33m+[39m[35m02[39m[33mDA[39m[33m,[39m [33mU[39m[33m+[39m[35m02[39m[33mDC[39m[33m,[39m [33mU[39m[33m+[39m[35m0304[39m[33m,[39m [33mU[39m[33m+[39m[35m0308[39m[33m,[39m [33mU[39m[33m+[39m[35m0329[39m[33m,[39m [33mU[39m[33m+[39m[35m2000[39m[33m-[39m[35m206[39m[33mF[39m[33m,[39m [33mU[39m[33m+[39m[35m20[39m[33mAC[39m[33m,[39m [33mU[39m[33m+[39m[35m2122[39m[33m,[39m [33mU[39m[33m+[39m[35m2191[39m[33m,[39m [33mU[39m[33m+[39m[35m2193[39m[33m,[39m [33mU[39m[33m+[39m[35m2212[39m[33m,[39m [33mU[39m[33m+[39m[35m2215[39m[33m,[39m [33mU[39m[33m+[39m[33mFEFF[39m[33m,[39m [33mU[39m[33m+[39m[33mFFFD[39m[33m;[39m
 [90m    |[39m         [31m[1m^[22m[39m
 [90m 36 |[39m }
 [90m 37 |[39m [90m/* cyrillic */[39m
 [90m 38 |[39m [33m@[39mfont[33m-[39mface {[0m

Import map: Resolved by import map


Import traces:
  Client Component Browser:
    [next]/internal/font/google/playfair_display_8856771b.module.css [Client Component Browser]
    [next]/internal/font/google/playfair_display_8856771b.js [Client Component Browser]
    ./src/components/newhome/MissionStatementNewHome.tsx [Client Component Browser]
    ./src/components/newhome/MissionStatementNewHome.tsx [Server Component]
    ./src/app/about/page.tsx [Server Component]

  Client Component SSR:
    [next]/internal/font/google/playfair_display_8856771b.module.css [Client Component SSR]
    [next]/internal/font/google/playfair_display_8856771b.js [Client Component SSR]
    ./src/components/newhome/MissionStatementNewHome.tsx [Client Component SSR]
    ./src/components/newhome/MissionStatementNewHome.tsx [Server Component]
    ./src/app/about/page.tsx [Server Component]

https://nextjs.org/docs/messages/module-not-found


[next]/internal/font/google/playfair_display_8856771b.module.css:44:9
Module not found: Can't resolve '@vercel/turbopack-next/internal/font/google/font'
[0m [90m 42 |[39m   font[33m-[39mdisplay[33m:[39m swap[33m;[39m
 [90m 43 |[39m   src[33m:[39m url([33m@[39mvercel[33m/[39mturbopack[33m-[39mnext[33m/[39minternal[33m/[39mfont[33m/[39mgoogle[35m/font?{%22url%22:%22https:/[39m[33m/[39mfonts[33m.[39mgstatic[33m.[39mcom[33m/[39ms[33m/[39mplayfairdisplay[33m/[39mv40[33m/[39mnuFiD[33m-[39mvYSZviVYUb_rj3ij__anPXDTjYgEM86xRbPQ[33m.[39mwoff2[33m%[39m[35m22[39m[33m,[39m[33m%[39m[35m22[39mpreload[33m%[39m[35m22[39m[33m:[39m[36mfalse[39m[33m,[39m[33m%[39m[35m22[39mhas_size_adjust[33m%[39m[35m22[39m[33m:[39m[36mtrue[39m}) format([32m'woff2'[39m)[33m;[39m
[31m[1m>[22m[39m[90m 44 |[39m   unicode[33m-[39mrange[33m:[39m [33mU[39m[33m+[39m[35m0301[39m[33m,[39m [33mU[39m[33m+[39m[35m0400[39m[33m-[39m[35m045[39m[33mF[39m[33m,[39m [33mU[39m[33m+[39m[35m0490[39m[33m-[39m[35m0491[39m[33m,[39m [33mU[39m[33m+[39m[35m04[39m[33mB0[39m[33m-[39m[35m04[39m[33mB1[39m[33m,[39m [33mU[39m[33m+[39m[35m2116[39m[33m;[39m
 [90m    |[39m         [31m[1m^[22m[39m
 [90m 45 |[39m }
 [90m 46 |[39m [90m/* vietnamese */[39m
 [90m 47 |[39m [33m@[39mfont[33m-[39mface {[0m

Import map: Resolved by import map


Import traces:
  Client Component Browser:
    [next]/internal/font/google/playfair_display_8856771b.module.css [Client Component Browser]
    [next]/internal/font/google/playfair_display_8856771b.js [Client Component Browser]
    ./src/components/newhome/MissionStatementNewHome.tsx [Client Component Browser]
    ./src/components/newhome/MissionStatementNewHome.tsx [Server Component]
    ./src/app/about/page.tsx [Server Component]

  Client Component SSR:
    [next]/internal/font/google/playfair_display_8856771b.module.css [Client Component SSR]
    [next]/internal/font/google/playfair_display_8856771b.js [Client Component SSR]
    ./src/components/newhome/MissionStatementNewHome.tsx [Client Component SSR]
    ./src/components/newhome/MissionStatementNewHome.tsx [Server Component]
    ./src/app/about/page.tsx [Server Component]

https://nextjs.org/docs/messages/module-not-found


[next]/internal/font/google/playfair_display_8856771b.module.css:53:9
Module not found: Can't resolve '@vercel/turbopack-next/internal/font/google/font'
[0m [90m 51 |[39m   font[33m-[39mdisplay[33m:[39m swap[33m;[39m
 [90m 52 |[39m   src[33m:[39m url([33m@[39mvercel[33m/[39mturbopack[33m-[39mnext[33m/[39minternal[33m/[39mfont[33m/[39mgoogle[35m/font?{%22url%22:%22https:/[39m[33m/[39mfonts[33m.[39mgstatic[33m.[39mcom[33m/[39ms[33m/[39mplayfairdisplay[33m/[39mv40[33m/[39mnuFiD[33m-[39mvYSZviVYUb_rj3ij__anPXDTPYgEM86xRbPQ[33m.[39mwoff2[33m%[39m[35m22[39m[33m,[39m[33m%[39m[35m22[39mpreload[33m%[39m[35m22[39m[33m:[39m[36mfalse[39m[33m,[39m[33m%[39m[35m22[39mhas_size_adjust[33m%[39m[35m22[39m[33m:[39m[36mtrue[39m}) format([32m'woff2'[39m)[33m;[39m
[31m[1m>[22m[39m[90m 53 |[39m   unicode[33m-[39mrange[33m:[39m [33mU[39m[33m+[39m[35m0102[39m[33m-[39m[35m0103[39m[33m,[39m [33mU[39m[33m+[39m[35m0110[39m[33m-[39m[35m0111[39m[33m,[39m [33mU[39m[33m+[39m[35m0128[39m[33m-[39m[35m0129[39m[33m,[39m [33mU[39m[33m+[39m[35m0168[39m[33m-[39m[35m0169[39m[33m,[39m [33mU[39m[33m+[39m[35m01[39m[33mA0[39m[33m-[39m[35m01[39m[33mA1[39m[33m,[39m [33mU[39m[33m+[39m[35m01[39m[33mAF[39m[33m-[39m[35m01[39m[33mB0[39m[33m,[39m [33mU[39m[33m+[39m[35m0300[39m[33m-[39m[35m0301[39m[33m,[39m [33mU[39m[33m+[39m[35m0303[39m[33m-[39m[35m0304[39m[33m,[39m [33mU[39m[33m+[39m[35m0308[39m[33m-[39m[35m0309[39m[33m,[39m [33mU[39m[33m+[39m[35m0323[39m[33m,[39m [33mU[39m[33m+[39m[35m0329[39m[33m,[39m [33mU[39m[33m+[39m[35m1[39m[33mEA0[39m[33m-[39m[35m1[39m[33mEF9[39m[33m,[39m [33mU[39m[33m+[39m[35m20[39m[33mAB[39m[33m;[39m
 [90m    |[39m         [31m[1m^[22m[39m
 [90m 54 |[39m }
 [90m 55 |[39m [90m/* latin-ext */[39m
 [90m 56 |[39m [33m@[39mfont[33m-[39mface {[0m

Import map: Resolved by import map


Import traces:
  Client Component Browser:
    [next]/internal/font/google/playfair_display_8856771b.module.css [Client Component Browser]
    [next]/internal/font/google/playfair_display_8856771b.js [Client Component Browser]
    ./src/components/newhome/MissionStatementNewHome.tsx [Client Component Browser]
    ./src/components/newhome/MissionStatementNewHome.tsx [Server Component]
    ./src/app/about/page.tsx [Server Component]

  Client Component SSR:
    [next]/internal/font/google/playfair_display_8856771b.module.css [Client Component SSR]
    [next]/internal/font/google/playfair_display_8856771b.js [Client Component SSR]
    ./src/components/newhome/MissionStatementNewHome.tsx [Client Component SSR]
    ./src/components/newhome/MissionStatementNewHome.tsx [Server Component]
    ./src/app/about/page.tsx [Server Component]

https://nextjs.org/docs/messages/module-not-found


[next]/internal/font/google/playfair_display_8856771b.module.css:62:9
Module not found: Can't resolve '@vercel/turbopack-next/internal/font/google/font'
[0m [90m 60 |[39m   font[33m-[39mdisplay[33m:[39m swap[33m;[39m
 [90m 61 |[39m   src[33m:[39m url([33m@[39mvercel[33m/[39mturbopack[33m-[39mnext[33m/[39minternal[33m/[39mfont[33m/[39mgoogle[35m/font?{%22url%22:%22https:/[39m[33m/[39mfonts[33m.[39mgstatic[33m.[39mcom[33m/[39ms[33m/[39mplayfairdisplay[33m/[39mv40[33m/[39mnuFiD[33m-[39mvYSZviVYUb_rj3ij__anPXDTLYgEM86xRbPQ[33m.[39mwoff2[33m%[39m[35m22[39m[33m,[39m[33m%[39m[35m22[39mpreload[33m%[39m[35m22[39m[33m:[39m[36mfalse[39m[33m,[39m[33m%[39m[35m22[39mhas_size_adjust[33m%[39m[35m22[39m[33m:[39m[36mtrue[39m}) format([32m'woff2'[39m)[33m;[39m
[31m[1m>[22m[39m[90m 62 |[39m   unicode[33m-[39mrange[33m:[39m [33mU[39m[33m+[39m[35m0100[39m[33m-[39m[35m02[39m[33mBA[39m[33m,[39m [33mU[39m[33m+[39m[35m02[39m[33mBD[39m[33m-[39m[35m02[39m[33mC5[39m[33m,[39m [33mU[39m[33m+[39m[35m02[39m[33mC7[39m[33m-[39m[35m02[39m[33mCC[39m[33m,[39m [33mU[39m[33m+[39m[35m02[39m[33mCE[39m[33m-[39m[35m02[39m[33mD7[39m[33m,[39m [33mU[39m[33m+[39m[35m02[39m[33mDD[39m[33m-[39m[35m02[39m[33mFF[39m[33m,[39m [33mU[39m[33m+[39m[35m0304[39m[33m,[39m [33mU[39m[33m+[39m[35m0308[39m[33m,[39m [33mU[39m[33m+[39m[35m0329[39m[33m,[39m [33mU[39m[33m+[39m[35m1[39m[33mD00[39m[33m-[39m[35m1[39m[33mDBF[39m[33m,[39m [33mU[39m[33m+[39m[35m1E00[39m[33m-[39m[35m1E9[39m[33mF[39m[33m,[39m [33mU[39m[33m+[39m[35m1[39m[33mEF2[39m[33m-[39m[35m1[39m[33mEFF[39m[33m,[39m [33mU[39m[33m+[39m[35m2020[39m[33m,[39m [33mU[39m[33m+[39m[35m20[39m[33mA0[39m[33m-[39m[35m20[39m[33mAB[39m[33m,[39m [33mU[39m[33m+[39m[35m20[39m[33mAD[39m[33m-[39m[35m20[39m[33mC0[39m[33m,[39m [33mU[39m[33m+[39m[35m2113[39m[33m,[39m [33mU[39m[33m+[39m[35m2[39m[33mC60[39m[33m-[39m[35m2[39m[33mC7F[39m[33m,[39m [33mU[39m[33m+[39m[33mA720[39m[33m-[39m[33mA7FF[39m[33m;[39m
 [90m    |[39m         [31m[1m^[22m[39m
 [90m 63 |[39m }
 [90m 64 |[39m [90m/* latin */[39m
 [90m 65 |[39m [33m@[39mfont[33m-[39mface {[0m

Import map: Resolved by import map


Import traces:
  Client Component Browser:
    [next]/internal/font/google/playfair_display_8856771b.module.css [Client Component Browser]
    [next]/internal/font/google/playfair_display_8856771b.js [Client Component Browser]
    ./src/components/newhome/MissionStatementNewHome.tsx [Client Component Browser]
    ./src/components/newhome/MissionStatementNewHome.tsx [Server Component]
    ./src/app/about/page.tsx [Server Component]

  Client Component SSR:
    [next]/internal/font/google/playfair_display_8856771b.module.css [Client Component SSR]
    [next]/internal/font/google/playfair_display_8856771b.js [Client Component SSR]
    ./src/components/newhome/MissionStatementNewHome.tsx [Client Component SSR]
    ./src/components/newhome/MissionStatementNewHome.tsx [Server Component]
    ./src/app/about/page.tsx [Server Component]

https://nextjs.org/docs/messages/module-not-found


[next]/internal/font/google/playfair_display_8856771b.module.css:71:9
Module not found: Can't resolve '@vercel/turbopack-next/internal/font/google/font'
[0m [90m 69 |[39m   font[33m-[39mdisplay[33m:[39m swap[33m;[39m
 [90m 70 |[39m   src[33m:[39m url([33m@[39mvercel[33m/[39mturbopack[33m-[39mnext[33m/[39minternal[33m/[39mfont[33m/[39mgoogle[35m/font?{%22url%22:%22https:/[39m[33m/[39mfonts[33m.[39mgstatic[33m.[39mcom[33m/[39ms[33m/[39mplayfairdisplay[33m/[39mv40[33m/[39mnuFiD[33m-[39mvYSZviVYUb_rj3ij__anPXDTzYgEM86xQ[33m.[39mwoff2[33m%[39m[35m22[39m[33m,[39m[33m%[39m[35m22[39mpreload[33m%[39m[35m22[39m[33m:[39m[36mtrue[39m[33m,[39m[33m%[39m[35m22[39mhas_size_adjust[33m%[39m[35m22[39m[33m:[39m[36mtrue[39m}) format([32m'woff2'[39m)[33m;[39m
[31m[1m>[22m[39m[90m 71 |[39m   unicode[33m-[39mrange[33m:[39m [33mU[39m[33m+[39m[35m0000[39m[33m-[39m[35m00[39m[33mFF[39m[33m,[39m [33mU[39m[33m+[39m[35m0131[39m[33m,[39m [33mU[39m[33m+[39m[35m0152[39m[33m-[39m[35m0153[39m[33m,[39m [33mU[39m[33m+[39m[35m02[39m[33mBB[39m[33m-[39m[35m02[39m[33mBC[39m[33m,[39m [33mU[39m[33m+[39m[35m02[39m[33mC6[39m[33m,[39m [33mU[39m[33m+[39m[35m02[39m[33mDA[39m[33m,[39m [33mU[39m[33m+[39m[35m02[39m[33mDC[39m[33m,[39m [33mU[39m[33m+[39m[35m0304[39m[33m,[39m [33mU[39m[33m+[39m[35m0308[39m[33m,[39m [33mU[39m[33m+[39m[35m0329[39m[33m,[39m [33mU[39m[33m+[39m[35m2000[39m[33m-[39m[35m206[39m[33mF[39m[33m,[39m [33mU[39m[33m+[39m[35m20[39m[33mAC[39m[33m,[39m [33mU[39m[33m+[39m[35m2122[39m[33m,[39m [33mU[39m[33m+[39m[35m2191[39m[33m,[39m [33mU[39m[33m+[39m[35m2193[39m[33m,[39m [33mU[39m[33m+[39m[35m2212[39m[33m,[39m [33mU[39m[33m+[39m[35m2215[39m[33m,[39m [33mU[39m[33m+[39m[33mFEFF[39m[33m,[39m [33mU[39m[33m+[39m[33mFFFD[39m[33m;[39m
 [90m    |[39m         [31m[1m^[22m[39m
 [90m 72 |[39m }
 [90m 73 |[39m [33m@[39mfont[33m-[39mface {
 [90m 74 |[39m     font[33m-[39mfamily[33m:[39m [32m'Playfair Display Fallback'[39m[33m;[39m[0m

Import map: Resolved by import map


Import traces:
  Client Component Browser:
    [next]/internal/font/google/playfair_display_8856771b.module.css [Client Component Browser]
    [next]/internal/font/google/playfair_display_8856771b.js [Client Component Browser]
    ./src/components/newhome/MissionStatementNewHome.tsx [Client Component Browser]
    ./src/components/newhome/MissionStatementNewHome.tsx [Server Component]
    ./src/app/about/page.tsx [Server Component]

  Client Component SSR:
    [next]/internal/font/google/playfair_display_8856771b.module.css [Client Component SSR]
    [next]/internal/font/google/playfair_display_8856771b.js [Client Component SSR]
    ./src/components/newhome/MissionStatementNewHome.tsx [Client Component SSR]
    ./src/components/newhome/MissionStatementNewHome.tsx [Server Component]
    ./src/app/about/page.tsx [Server Component]

https://nextjs.org/docs/messages/module-not-found


    at <unknown> ([next]/internal/font/google/inter_5972bc34.module.css:8:9)
    at <unknown> (https://nextjs.org/docs/messages/module-not-found)
    at <unknown> ([next]/internal/font/google/inter_5972bc34.module.css:17:9)
    at <unknown> (https://nextjs.org/docs/messages/module-not-found)
    at <unknown> ([next]/internal/font/google/inter_5972bc34.module.css:26:9)
    at <unknown> (https://nextjs.org/docs/messages/module-not-found)
    at <unknown> ([next]/internal/font/google/inter_5972bc34.module.css:35:9)
    at <unknown> (https://nextjs.org/docs/messages/module-not-found)
    at <unknown> ([next]/internal/font/google/inter_5972bc34.module.css:44:9)
    at <unknown> (https://nextjs.org/docs/messages/module-not-found)
    at <unknown> ([next]/internal/font/google/inter_5972bc34.module.css:53:9)
    at <unknown> (https://nextjs.org/docs/messages/module-not-found)
    at <unknown> ([next]/internal/font/google/inter_5972bc34.module.css:62:9)
    at <unknown> (https://nextjs.org/docs/messages/module-not-found)
    at <unknown> ([next]/internal/font/google/playfair_display_7b588da2.module.css:8:9)
    at <unknown> (https://nextjs.org/docs/messages/module-not-found)
    at <unknown> ([next]/internal/font/google/playfair_display_7b588da2.module.css:17:9)
    at <unknown> (https://nextjs.org/docs/messages/module-not-found)
    at <unknown> ([next]/internal/font/google/playfair_display_7b588da2.module.css:26:9)
    at <unknown> (https://nextjs.org/docs/messages/module-not-found)
    at <unknown> ([next]/internal/font/google/playfair_display_7b588da2.module.css:35:9)
    at <unknown> (https://nextjs.org/docs/messages/module-not-found)
    at <unknown> ([next]/internal/font/google/playfair_display_7b588da2.module.css:44:9)
    at <unknown> (https://nextjs.org/docs/messages/module-not-found)
    at <unknown> ([next]/internal/font/google/playfair_display_7b588da2.module.css:53:9)
    at <unknown> (https://nextjs.org/docs/messages/module-not-found)
    at <unknown> ([next]/internal/font/google/playfair_display_7b588da2.module.css:62:9)
    at <unknown> (https://nextjs.org/docs/messages/module-not-found)
    at <unknown> ([next]/internal/font/google/playfair_display_7b588da2.module.css:71:9)
    at <unknown> (https://nextjs.org/docs/messages/module-not-found)
    at <unknown> ([next]/internal/font/google/playfair_display_8856771b.module.css:8:9)
    at <unknown> (https://nextjs.org/docs/messages/module-not-found)
    at <unknown> ([next]/internal/font/google/playfair_display_8856771b.module.css:17:9)
    at <unknown> (https://nextjs.org/docs/messages/module-not-found)
    at <unknown> ([next]/internal/font/google/playfair_display_8856771b.module.css:26:9)
    at <unknown> (https://nextjs.org/docs/messages/module-not-found)
    at <unknown> ([next]/internal/font/google/playfair_display_8856771b.module.css:35:9)
    at <unknown> (https://nextjs.org/docs/messages/module-not-found)
    at <unknown> ([next]/internal/font/google/playfair_display_8856771b.module.css:44:9)
    at <unknown> (https://nextjs.org/docs/messages/module-not-found)
    at <unknown> ([next]/internal/font/google/playfair_display_8856771b.module.css:53:9)
    at <unknown> (https://nextjs.org/docs/messages/module-not-found)
    at <unknown> ([next]/internal/font/google/playfair_display_8856771b.module.css:62:9)
    at <unknown> (https://nextjs.org/docs/messages/module-not-found)
    at <unknown> ([next]/internal/font/google/playfair_display_8856771b.module.css:71:9)
    at <unknown> (https://nextjs.org/docs/messages/module-not-found)
